Godot Engine v4.5.1.stable.official.f62fdbde1 - https://godotengine.org

SCRIPT ERROR: Parse Error: Could not preload resource script "res://tests/comprehensive_headless.gd".
   at: GDScript::reload (res://scripts/core_runtime.gd:74)
SCRIPT ERROR: Parse Error: Could not resolve script "res://tests/comprehensive_headless.gd".
   at: GDScript::reload (res://scripts/core_runtime.gd:74)
ERROR: Failed to load script "res://scripts/core_runtime.gd" with error "Parse error".
   at: load (modules/gdscript/gdscript.cpp:3041)
ERROR: Failed to instantiate an autoload, script 'res://scripts/core_runtime.gd' does not inherit from 'Node'.
   at: start (main/main.cpp:4335)
[SaveManager] Global save loaded (schema=1, keys=9)
UserManager initialized
ItemRegistry initialized. Loaded 26 items.
ERROR: BUG: Unreferenced static string to 0: servers
   at: unref (core/string/string_name.cpp:116)
ERROR: BUG: Unreferenced static string to 0: valign
   at: unref (core/string/string_name.cpp:116)
ERROR: BUG: Unreferenced static string to 0: Variant
   at: unref (core/string/string_name.cpp:116)
^C